["console.log(\"hello\")"]
["console.log(2 != 3)"]
["JSON.stringify({})"]
["lib="]
["lib=test,other"]
